
> blockchain-integration-service@0.10.0 build
> npm run typecheck && npm run build --workspace @bis/integration && npm run build --workspace @bis/integration-demo


> blockchain-integration-service@0.10.0 typecheck
> tsc --noEmit


> @bis/integration@0.10.0 build
> vite build

vite v8.2.2 building client environment for production...
transforming...
✓ 148 modules transformed.
rendering chunks...
computing gzip size...
dist/integration.css     55.49 kB │ gzip:  19.56 kB
dist/integration.js   1,128.41 kB │ gzip: 295.32 kB

✓ built in 206ms

> @bis/integration-demo@0.10.0 build
> vite build

vite v8.2.2 building client environment for production...
transforming...
✓ 2244 modules transformed.
rendering chunks...
computing gzip size...
dist/documentation/user-stories/index.html              0.51 kB │ gzip:   0.32 kB
dist/index.html                                         0.55 kB │ gzip:   0.33 kB
dist/assets/index-BBpGxRtl.css                          0.51 kB │ gzip:   0.31 kB
dist/assets/index-DFqkr9xi.css                         65.67 kB │ gzip:  22.51 kB
dist/assets/array-BifhSqXX.js                           0.10 kB │ gzip:   0.11 kB
dist/assets/channel-CEOUCxr5.js                         0.11 kB │ gzip:   0.12 kB
dist/assets/pie-WAS4IAKB-Dup-IBMT.js                    0.12 kB │ gzip:   0.13 kB
dist/assets/info-A6RAGUB7-CJ7h048a.js                   0.12 kB │ gzip:   0.13 kB
dist/assets/radar-RG4KPBEZ-DBAL1Hc9.js                  0.12 kB │ gzip:   0.13 kB
dist/assets/packet-AYTQ26CC-Bb8hi026.js                 0.12 kB │ gzip:   0.13 kB
dist/assets/cynefin-OW5HDTMX-DcI0hVOD.js                0.12 kB │ gzip:   0.13 kB
dist/assets/treemap-WGGIJYW6-Cvxd-5GJ.js                0.12 kB │ gzip:   0.13 kB
dist/assets/wardley-WFR3VGLG-BH0GYfkQ.js                0.12 kB │ gzip:   0.13 kB
dist/assets/gitGraph-4MIJSDKK-CQ9w33pT.js               0.12 kB │ gzip:   0.13 kB
dist/assets/railroad-74A4TZTK-BwGD19j_.js               0.12 kB │ gzip:   0.13 kB
dist/assets/treeView-Q6P3EWNA-DHIZ3LUI.js               0.12 kB │ gzip:   0.13 kB
dist/assets/railroad-peg-WCYAUIDC-BxtEoLFf.js           0.13 kB │ gzip:   0.13 kB
dist/assets/architecture-7GRP2DOG-DTweK4c5.js           0.13 kB │ gzip:   0.13 kB
dist/assets/railroad-abnf-HS5TGJTU-ogCmebyk.js          0.13 kB │ gzip:   0.13 kB
dist/assets/railroad-ebnf-LZEXJU2U-T-a09Zm3.js          0.13 kB │ gzip:   0.13 kB
dist/assets/eventmodeling-NTZA5JFV-Bc4pGsrD.js          0.13 kB │ gzip:   0.13 kB
dist/assets/init-C-OQMol4.js                            0.14 kB │ gzip:   0.12 kB
dist/assets/chunk-Y2CYZVJY-DsF7k-Jl.js                  0.15 kB │ gzip:   0.14 kB
dist/assets/chunk-2Q5K7J3B-C1jixKkw.js                  0.19 kB │ gzip:   0.16 kB
dist/assets/chunk-JWPE2WC7-DVXcaiue.js                  0.22 kB │ gzip:   0.17 kB
dist/assets/chunk-XXDRQBXY-CbDYgMPX.js                  0.26 kB │ gzip:   0.22 kB
dist/assets/chunk-5VM5RSS4-ZNzvKenW.js                  0.36 kB │ gzip:   0.27 kB
dist/assets/chunk-POPQ4Y6H-B_G1NOJ3.js                  0.57 kB │ gzip:   0.40 kB
dist/assets/flowDiagram-HODETNUW-BTLATVBk.js            0.57 kB │ gzip:   0.31 kB
dist/assets/infoDiagram-27XIBGKW-B0DH56e8.js            0.65 kB │ gzip:   0.41 kB
dist/assets/classDiagram-ZZMXUADV-CoOCaNaX.js           0.77 kB │ gzip:   0.45 kB
dist/assets/classDiagram-v2-VYDZK3BY-CoOCaNaX.js        0.77 kB │ gzip:   0.45 kB
dist/assets/stateDiagram-v2-MP3YSRHH-DJW5yK3k.js        0.78 kB │ gzip:   0.45 kB
dist/assets/swimlanesDiagram-VR7AAH4N-CsPg_Oa2.js       0.83 kB │ gzip:   0.48 kB
dist/assets/sizeCapture-INFHLROL-B0uUizjq.js            0.87 kB │ gzip:   0.51 kB
dist/assets/line-D64mSdYT.js                            0.94 kB │ gzip:   0.47 kB
dist/assets/ordinal-BDEzSJ7C.js                         1.17 kB │ gzip:   0.56 kB
dist/assets/chunk-GVQU2GXP-CgQbPstp.js                  1.41 kB │ gzip:   0.79 kB
dist/assets/railroadDiagram-O6MQD6OU-dFfqWgX-.js        1.65 kB │ gzip:   0.76 kB
dist/assets/abnfDiagram-VCTEODGH-CpM1rU52.js            1.84 kB │ gzip:   0.89 kB
dist/assets/chunk-P2QGCYS3-BXOriBem.js                  1.94 kB │ gzip:   0.95 kB
dist/assets/chunk-F27PBJKO-C3dmXNG6.js                  1.97 kB │ gzip:   0.88 kB
dist/assets/pegDiagram-XKGWAZYB-CX6YwNZc.js             2.01 kB │ gzip:   0.94 kB
dist/assets/ebnfDiagram-PWID7BFC-Dgn7NvxL.js            2.05 kB │ gzip:   0.88 kB
dist/assets/dist-C1XRKezV.js                            2.16 kB │ gzip:   0.97 kB
dist/assets/path-fybaL0A-.js                            2.27 kB │ gzip:   0.98 kB
dist/assets/arc-hkxpKwkM.js                             3.47 kB │ gzip:   1.46 kB
dist/assets/diagram-Z3DM3KII-CuWUVcFE.js                4.28 kB │ gzip:   1.84 kB
dist/assets/defaultLocale-BFoDCU3G.js                   4.63 kB │ gzip:   2.12 kB
dist/assets/linear-Bkjh7dB8.js                          5.51 kB │ gzip:   2.25 kB
dist/assets/chunk-PWAF6VOD-CplgjbsX.js                  5.83 kB │ gzip:   2.68 kB
dist/assets/diagram-UQ7AKVKN-Bw4H9U2e.js                6.07 kB │ gzip:   2.56 kB
dist/assets/pieDiagram-E7YTZNPT-Cni2umxA.js             6.22 kB │ gzip:   2.59 kB
dist/assets/diagram-S7CK7UJ4-D_DDyJw0.js                8.19 kB │ gzip:   3.65 kB
dist/assets/chunk-L3NEJ4N5-BJ15PXcG.js                  9.68 kB │ gzip:   2.93 kB
dist/assets/cynefinDiagram-5FMLGOSQ-mgmgcig8.js         9.94 kB │ gzip:   3.51 kB
dist/assets/stateDiagram-D77RDMKH-Cdlgpba4.js          10.64 kB │ gzip:   3.74 kB
dist/assets/diagram-VSXAHHWV-DVb6pQCE.js               10.65 kB │ gzip:   4.11 kB
dist/assets/dagre-GXQ25YYZ-DjVVD5NA.js                 10.97 kB │ gzip:   4.15 kB
dist/assets/chunk-SVP7TREG-DC7yEpva.js                 15.64 kB │ gzip:   4.35 kB
dist/assets/diagram-VX7I27RA-CfnrYW6t.js               15.75 kB │ gzip:   5.52 kB
dist/assets/mermaid-parser.core-CpdTes_W.js            16.74 kB │ gzip:   3.93 kB
dist/assets/ishikawaDiagram-5VMMS53U-DKEt60Ii.js       17.31 kB │ gzip:   6.53 kB
dist/assets/kanban-definition-UXKFOSKX-B3hjfMjk.js     20.26 kB │ gzip:   7.15 kB
dist/assets/sankeyDiagram-P5KCCOFB-DaGRy9Ya.js         22.79 kB │ gzip:   8.25 kB
dist/assets/journeyDiagram-3NMN7TZE-rNJHbB_8.js        23.15 kB │ gzip:   8.16 kB
dist/assets/mindmap-definition-YA3MSWOX-De657ikr.js    23.44 kB │ gzip:   8.02 kB
dist/assets/graphlib-DS17s2tU.js                       23.90 kB │ gzip:   8.31 kB
dist/assets/wardleyDiagram-VM6X3IG4-DXz6i1xf.js        25.20 kB │ gzip:   6.55 kB
dist/assets/rough.esm-Dy-Kn_BL.js                      27.10 kB │ gzip:   8.85 kB
dist/assets/gitGraphDiagram-WWUBYQGX-DdNX5yo5.js       29.00 kB │ gzip:   8.55 kB
dist/assets/timeline-definition-24CTP7MA-CxSBMmpR.js   30.36 kB │ gzip:   9.97 kB
dist/assets/erDiagram-RLTQ6QDP-DR7WfXTX.js             30.69 kB │ gzip:  10.57 kB
dist/assets/chunk-75Z2AOVW-DT6RRmnF.js                 30.75 kB │ gzip:   8.50 kB
dist/assets/requirementDiagram-BXWQKSXE-BJnO3OIE.js    31.00 kB │ gzip:   9.78 kB
dist/assets/quadrantDiagram-AXDQQJYC-Bv_G0UlS.js       33.51 kB │ gzip:   9.74 kB
dist/assets/chunk-OSK3NFVY-DY4mfGJ2.js                 36.46 kB │ gzip:   7.95 kB
dist/assets/dagre-C-rnJpZF.js                          36.85 kB │ gzip:  13.23 kB
dist/assets/chunk-IMKFNOWR-BC_LWcti.js                 37.64 kB │ gzip:  12.27 kB
dist/assets/vennDiagram-4TSXK5OY-RFGnUMuy.js           41.15 kB │ gzip:  15.11 kB
dist/assets/blockDiagram-I7D4REHJ-CvkRL1EK.js          41.44 kB │ gzip:  13.36 kB
dist/assets/xychartDiagram-S5SC5T6Z-BpE3eLKT.js        44.14 kB │ gzip:  12.21 kB
dist/assets/src-s2Fkqh0q.js                            45.68 kB │ gzip:  16.00 kB
dist/assets/chunk-TICWLB2K-CUqW0QFV.js                 48.78 kB │ gzip:  15.74 kB
dist/assets/chunk-GMAD6QVW-DsDEtjU6.js                 51.84 kB │ gzip:  16.68 kB
dist/assets/chunk-SHT3W25Y-vR_Xh3uf.js                 61.20 kB │ gzip:  19.82 kB
dist/assets/c4Diagram-7LVT6UL2-BoTBQJjr.js             64.74 kB │ gzip:  18.52 kB
dist/assets/ganttDiagram-EL5Y4UJY-C5-YbIaG.js          69.35 kB │ gzip:  22.74 kB
dist/assets/cose-bilkent-JH36ORCC-mMV3aR3d.js          81.25 kB │ gzip:  21.54 kB
dist/assets/mermaid.core-DlvRqMZW.js                   94.68 kB │ gzip:  32.57 kB
dist/assets/chunk-4HAMMTFA-hH1CrODz.js                104.85 kB │ gzip:  25.62 kB
dist/assets/swimlanes-42K2YHIH-CyN9hftJ.js            111.11 kB │ gzip:  38.00 kB
dist/assets/sequenceDiagram-WJ2MYXX4-Clc-moX1.js      115.74 kB │ gzip:  30.58 kB
dist/assets/architectureDiagram-5GKGNRK7-CApf6f49.js  148.90 kB │ gzip:  41.12 kB
dist/assets/index-BOEseRxI.js                         172.36 kB │ gzip:  53.88 kB
dist/assets/jsx-runtime-D87cjlwf.js                   190.92 kB │ gzip:  60.19 kB
dist/assets/chunk-DU6HZSFF-BxAaDgq4.js                235.50 kB │ gzip:  38.21 kB
dist/assets/katex-ZlcWpGUi.js                         258.68 kB │ gzip:  77.43 kB
dist/assets/cytoscape.esm-c2aL46s-.js                 434.85 kB │ gzip: 137.78 kB
dist/assets/chunk-FOHPRMQF-CoA4358r.js                662.09 kB │ gzip: 143.16 kB
dist/assets/index-CeN4biNJ.js                         903.25 kB │ gzip: 267.89 kB

✓ built in 400ms
[plugin builtin:vite-reporter] 
(!) Some chunks are larger than 500 kB after minification. Consider:
- Using dynamic import() to code-split the application
- Use build.rolldownOptions.output.codeSplitting to improve chunking: https://rolldown.rs/reference/OutputOptions.codeSplitting
- Adjust chunk size limit for this warning via build.chunkSizeWarningLimit.
