
> blockchain-integration-service@0.10.0 build
> npm run typecheck && npm run build --workspace @bis/integration && npm run build --workspace @bis/integration-demo


> blockchain-integration-service@0.10.0 typecheck
> tsc --noEmit


> @bis/integration@0.10.0 build
> vite build

vite v8.2.2 building client environment for production...
transforming...
✓ 157 modules transformed.
rendering chunks...
computing gzip size...
dist/integration.css     60.93 kB │ gzip:  20.80 kB
dist/integration.js   1,175.00 kB │ gzip: 305.88 kB

✓ built in 401ms

> @bis/integration-demo@0.10.0 build
> vite build

vite v8.2.2 building client environment for production...
transforming...
✓ 2246 modules transformed.
rendering chunks...
computing gzip size...
dist/documentation/user-stories/index.html              0.51 kB │ gzip:   0.32 kB
dist/index.html                                         0.55 kB │ gzip:   0.33 kB
dist/assets/index-BBpGxRtl.css                          0.51 kB │ gzip:   0.31 kB
dist/assets/index-CM-AgxOb.css                         71.13 kB │ gzip:  23.50 kB
dist/assets/array-BifhSqXX.js                           0.10 kB │ gzip:   0.11 kB
dist/assets/channel-CZt_DHJO.js                         0.11 kB │ gzip:   0.12 kB
dist/assets/pie-WAS4IAKB-D2iYPncn.js                    0.12 kB │ gzip:   0.13 kB
dist/assets/info-A6RAGUB7-BAXe-Xk2.js                   0.12 kB │ gzip:   0.13 kB
dist/assets/radar-RG4KPBEZ-DuD-QJln.js                  0.12 kB │ gzip:   0.13 kB
dist/assets/packet-AYTQ26CC-Br1zzWuu.js                 0.12 kB │ gzip:   0.13 kB
dist/assets/cynefin-OW5HDTMX-CSpPo3uy.js                0.12 kB │ gzip:   0.13 kB
dist/assets/treemap-WGGIJYW6-DU1EFEzV.js                0.12 kB │ gzip:   0.13 kB
dist/assets/wardley-WFR3VGLG-BBi6YLK2.js                0.12 kB │ gzip:   0.13 kB
dist/assets/gitGraph-4MIJSDKK-DjBwWj93.js               0.12 kB │ gzip:   0.13 kB
dist/assets/railroad-74A4TZTK-Dc0nRGk2.js               0.12 kB │ gzip:   0.13 kB
dist/assets/treeView-Q6P3EWNA-yXU6kHqM.js               0.12 kB │ gzip:   0.13 kB
dist/assets/railroad-peg-WCYAUIDC-DUIhWq69.js           0.13 kB │ gzip:   0.13 kB
dist/assets/architecture-7GRP2DOG-DwcBSqxb.js           0.13 kB │ gzip:   0.13 kB
dist/assets/railroad-abnf-HS5TGJTU-THy5PbNs.js          0.13 kB │ gzip:   0.13 kB
dist/assets/railroad-ebnf-LZEXJU2U-DBopcedB.js          0.13 kB │ gzip:   0.13 kB
dist/assets/eventmodeling-NTZA5JFV-DqxteEi-.js          0.13 kB │ gzip:   0.13 kB
dist/assets/init-C-OQMol4.js                            0.14 kB │ gzip:   0.12 kB
dist/assets/chunk-Y2CYZVJY-DsF7k-Jl.js                  0.15 kB │ gzip:   0.14 kB
dist/assets/chunk-2Q5K7J3B-C1jixKkw.js                  0.19 kB │ gzip:   0.16 kB
dist/assets/chunk-JWPE2WC7-DVXcaiue.js                  0.22 kB │ gzip:   0.17 kB
dist/assets/chunk-XXDRQBXY-CbDYgMPX.js                  0.26 kB │ gzip:   0.22 kB
dist/assets/chunk-5VM5RSS4-ZNzvKenW.js                  0.36 kB │ gzip:   0.27 kB
dist/assets/chunk-POPQ4Y6H-CKF2buda.js                  0.57 kB │ gzip:   0.40 kB
dist/assets/flowDiagram-HODETNUW-CuyDokEw.js            0.57 kB │ gzip:   0.32 kB
dist/assets/infoDiagram-27XIBGKW-CKsMmdIJ.js            0.65 kB │ gzip:   0.41 kB
dist/assets/classDiagram-ZZMXUADV-DOaZn-IV.js           0.77 kB │ gzip:   0.45 kB
dist/assets/classDiagram-v2-VYDZK3BY-DOaZn-IV.js        0.77 kB │ gzip:   0.45 kB
dist/assets/stateDiagram-v2-MP3YSRHH-bDVOc4m1.js        0.78 kB │ gzip:   0.45 kB
dist/assets/swimlanesDiagram-VR7AAH4N-BmZE2b8T.js       0.83 kB │ gzip:   0.48 kB
dist/assets/sizeCapture-INFHLROL-B0uUizjq.js            0.87 kB │ gzip:   0.51 kB
dist/assets/line-eXqIzXN1.js                            0.94 kB │ gzip:   0.47 kB
dist/assets/ordinal-BDEzSJ7C.js                         1.17 kB │ gzip:   0.56 kB
dist/assets/chunk-GVQU2GXP-CN9bK5qA.js                  1.41 kB │ gzip:   0.79 kB
dist/assets/railroadDiagram-O6MQD6OU-DWyypYgn.js        1.65 kB │ gzip:   0.77 kB
dist/assets/abnfDiagram-VCTEODGH-Dt0Q8V5Z.js            1.84 kB │ gzip:   0.89 kB
dist/assets/chunk-P2QGCYS3-CmwoEG94.js                  1.94 kB │ gzip:   0.95 kB
dist/assets/chunk-F27PBJKO-0EMAtz5s.js                  1.97 kB │ gzip:   0.88 kB
dist/assets/pegDiagram-XKGWAZYB-Dop7z-dM.js             2.01 kB │ gzip:   0.94 kB
dist/assets/ebnfDiagram-PWID7BFC-CXsPMdOH.js            2.05 kB │ gzip:   0.89 kB
dist/assets/dist-C1XRKezV.js                            2.16 kB │ gzip:   0.97 kB
dist/assets/path-fybaL0A-.js                            2.27 kB │ gzip:   0.98 kB
dist/assets/arc-hkxpKwkM.js                             3.47 kB │ gzip:   1.46 kB
dist/assets/diagram-Z3DM3KII-CBdz4fZQ.js                4.28 kB │ gzip:   1.84 kB
dist/assets/defaultLocale-BFoDCU3G.js                   4.63 kB │ gzip:   2.12 kB
dist/assets/linear-Bkjh7dB8.js                          5.51 kB │ gzip:   2.25 kB
dist/assets/chunk-PWAF6VOD-DN39_Cmb.js                  5.83 kB │ gzip:   2.68 kB
dist/assets/diagram-UQ7AKVKN-DSouXXQu.js                6.07 kB │ gzip:   2.56 kB
dist/assets/pieDiagram-E7YTZNPT-aGdqXls0.js             6.22 kB │ gzip:   2.59 kB
dist/assets/diagram-S7CK7UJ4-C9ArBAQp.js                8.19 kB │ gzip:   3.65 kB
dist/assets/chunk-L3NEJ4N5-Bpq6fxwy.js                  9.68 kB │ gzip:   2.93 kB
dist/assets/cynefinDiagram-5FMLGOSQ-WCOft3e4.js         9.94 kB │ gzip:   3.51 kB
dist/assets/stateDiagram-D77RDMKH-bvZTWSKS.js          10.64 kB │ gzip:   3.74 kB
dist/assets/diagram-VSXAHHWV-DyjBQPhr.js               10.65 kB │ gzip:   4.11 kB
dist/assets/dagre-GXQ25YYZ-D85niGym.js                 10.97 kB │ gzip:   4.15 kB
dist/assets/chunk-SVP7TREG-yfaK2W1p.js                 15.64 kB │ gzip:   4.35 kB
dist/assets/diagram-VX7I27RA-C6L4vqSk.js               15.75 kB │ gzip:   5.52 kB
dist/assets/mermaid-parser.core-CkhU1LfO.js            16.74 kB │ gzip:   3.93 kB
dist/assets/ishikawaDiagram-5VMMS53U-C2rt-e_T.js       17.31 kB │ gzip:   6.53 kB
dist/assets/kanban-definition-UXKFOSKX-Ct1sn6R_.js     20.26 kB │ gzip:   7.15 kB
dist/assets/sankeyDiagram-P5KCCOFB-DFJMInK7.js         22.79 kB │ gzip:   8.25 kB
dist/assets/journeyDiagram-3NMN7TZE-CxdjnccJ.js        23.15 kB │ gzip:   8.16 kB
dist/assets/mindmap-definition-YA3MSWOX-BxTvwDM4.js    23.44 kB │ gzip:   8.02 kB
dist/assets/graphlib-DS17s2tU.js                       23.90 kB │ gzip:   8.31 kB
dist/assets/wardleyDiagram-VM6X3IG4-tbUaIKIv.js        25.20 kB │ gzip:   6.54 kB
dist/assets/rough.esm-Dy-Kn_BL.js                      27.10 kB │ gzip:   8.85 kB
dist/assets/gitGraphDiagram-WWUBYQGX-AG9cm1wu.js       29.00 kB │ gzip:   8.55 kB
dist/assets/timeline-definition-24CTP7MA-DYrQfe3X.js   30.36 kB │ gzip:   9.97 kB
dist/assets/erDiagram-RLTQ6QDP-Cq66xov3.js             30.69 kB │ gzip:  10.57 kB
dist/assets/chunk-75Z2AOVW-suNSma9n.js                 30.75 kB │ gzip:   8.50 kB
dist/assets/requirementDiagram-BXWQKSXE-DFFVvSrp.js    31.00 kB │ gzip:   9.78 kB
dist/assets/quadrantDiagram-AXDQQJYC-C5_5xfDq.js       33.51 kB │ gzip:   9.74 kB
dist/assets/chunk-OSK3NFVY-ZkFi0HR2.js                 36.46 kB │ gzip:   7.96 kB
dist/assets/dagre-C-rnJpZF.js                          36.85 kB │ gzip:  13.23 kB
dist/assets/chunk-IMKFNOWR-DXKrc0ae.js                 37.64 kB │ gzip:  12.27 kB
dist/assets/vennDiagram-4TSXK5OY-DaalVJd3.js           41.15 kB │ gzip:  15.11 kB
dist/assets/blockDiagram-I7D4REHJ-A7Qt5MG3.js          41.44 kB │ gzip:  13.36 kB
dist/assets/xychartDiagram-S5SC5T6Z-CQ2QVmfJ.js        44.14 kB │ gzip:  12.22 kB
dist/assets/src-s2Fkqh0q.js                            45.68 kB │ gzip:  16.00 kB
dist/assets/chunk-TICWLB2K-BjFNfZcQ.js                 48.78 kB │ gzip:  15.74 kB
dist/assets/chunk-GMAD6QVW-CBPZUnxe.js                 51.84 kB │ gzip:  16.68 kB
dist/assets/chunk-SHT3W25Y-CKn8l3Tl.js                 61.20 kB │ gzip:  19.82 kB
dist/assets/c4Diagram-7LVT6UL2-xQUEDmGF.js             64.74 kB │ gzip:  18.53 kB
dist/assets/ganttDiagram-EL5Y4UJY-Dr-u53lp.js          69.35 kB │ gzip:  22.74 kB
dist/assets/cose-bilkent-JH36ORCC-mMV3aR3d.js          81.25 kB │ gzip:  21.54 kB
dist/assets/mermaid.core-CuAY13zA.js                   94.68 kB │ gzip:  32.57 kB
dist/assets/chunk-4HAMMTFA-4WfWWsSI.js                104.85 kB │ gzip:  25.62 kB
dist/assets/swimlanes-42K2YHIH-Dq8ByABE.js            111.11 kB │ gzip:  38.01 kB
dist/assets/sequenceDiagram-WJ2MYXX4-MPadQN6f.js      115.74 kB │ gzip:  30.58 kB
dist/assets/architectureDiagram-5GKGNRK7-CN9DyXw3.js  148.90 kB │ gzip:  41.12 kB
dist/assets/index-DYhAO0Bl.js                         181.88 kB │ gzip:  56.85 kB
dist/assets/jsx-runtime-D87cjlwf.js                   190.92 kB │ gzip:  60.19 kB
dist/assets/chunk-DU6HZSFF-DyvZ96CX.js                235.50 kB │ gzip:  38.21 kB
dist/assets/katex-ZlcWpGUi.js                         258.68 kB │ gzip:  77.43 kB
dist/assets/cytoscape.esm-c2aL46s-.js                 434.85 kB │ gzip: 137.78 kB
dist/assets/chunk-FOHPRMQF-CoA4358r.js                662.09 kB │ gzip: 143.16 kB
dist/assets/index-DlF7Sd9p.js                         940.48 kB │ gzip: 277.31 kB

✓ built in 785ms
[plugin builtin:vite-reporter]
(!) Some chunks are larger than 500 kB after minification. Consider:
- Using dynamic import() to code-split the application
- Use build.rolldownOptions.output.codeSplitting to improve chunking: https://rolldown.rs/reference/OutputOptions.codeSplitting
- Adjust chunk size limit for this warning via build.chunkSizeWarningLimit.
